shortened_url:
- id: "regex:\\d+"
  url: "https://google.com"
  shortened: "regex:[a-zA-Z0-9]{VAR_SHORTENED_LENGTH}"