shortened_url:
- id: "regex:\\d+"
  url: "https://google.com"
  shortened: "google"